$ vi dockerfile
$ cat dockerfile
FROM ubuntu

RUN echo "Hello swapna"

CMD ["pwd"]

$ docker build -t swapna.ubuntu
"docker build" requires exactly 1 argument.
See 'docker build --help'.

Usage:  docker build [OPTIONS] PATH | URL | -

Build an image from a Dockerfile
$ docker build -t swapna-ubuntu .
Sending build context to Docker daemon   16.9kB
Step 1/3 : FROM ubuntu
 ---> d70eaf7277ea
Step 2/3 : RUN echo "Hello swapna"
 ---> Running in 7a238a44fc74
Hello swapna
Removing intermediate container 7a238a44fc74
 ---> ee7a9a076d53
Step 3/3 : CMD ["pwd"]
 ---> Running in 79aa0db9ed79
Removing intermediate container 79aa0db9ed79
 ---> c81a7392c25f
Successfully built c81a7392c25f
Successfully tagged swapna-ubuntu:latest
$ docker images
REPOSITORY                 TAG                 IMAGE ID            CREATED             SIZE
swapna-ubuntu              latest              c81a7392c25f        36 seconds ago      72.9MB
hello-world                latest              feb5d9fea6a5        7 weeks ago         13.3kB
mariadb                    10                  1b3986d60f13        12 months ago       414MB
mariadb                    latest              1b3986d60f13        12 months ago       414MB
redis                      latest              62f1d3402b78        12 months ago       104MB
ubuntu                     latest              d70eaf7277ea        12 months ago       72.9MB
mysql                      8                   db2b37ec6181        12 months ago       545MB
mysql                      latest              db2b37ec6181        12 months ago       545MB
alpine                     latest              d6e46aa2470d        12 months ago       5.57MB
postgres                   12                  492fb9ae4e7a        13 months ago       314MB
postgres                   latest              c96f8b6bc0d9        13 months ago       314MB
mongo                      latest              ba0c2ff8d362        13 months ago       492MB
weaveworks/scope           1.11.4              a082d48f0b39        2 years ago         78.5MB
quay.io/ansible/molecule   2.20                1171569d6ba4        2 years ago         704MB
$ docker ps
CONTAINER ID        IMAGE               COMMAND             CREATED             STATUS              PORTS               NAMES
$ docker run swapna.ubuntu
Unable to find image 'swapna.ubuntu:latest' locally
docker: Error response from daemon: pull access denied for swapna.ubuntu, repository does not exist or may require 'docker login': denied: requested access to the resource is denied.
See 'docker run --help'.
$ docker run swapn-ubuntu
Unable to find image 'swapn-ubuntu:latest' locally
docker: Error response from daemon: pull access denied for swapn-ubuntu, repository does not exist or may require 'docker login': denied: requested access to the resource is denied.
See 'docker run --help'.
$ docker run swapna-ubuntu
/
$ docker ps
CONTAINER ID        IMAGE               COMMAND             CREATED             STATUS              PORTS               NAMES
$ docker run -it swapna-ubuntu bash
root@cbc99046c41e:/# docker ps
bash: docker: command not found
root@cbc99046c41e:/#  
root@cbc99046c41e:/# whoami
root
root@cbc99046c41e:/# pwd
/
root@cbc99046c41e:/# useadd swapna
bash: useadd: command not found
root@cbc99046c41e:/# useradd swapna
root@cbc99046c41e:/# id swapna
uid=1000(swapna) gid=1000(swapna) groups=1000(swapna)
root@cbc99046c41e:/# cat /etc/password
cat: /etc/password: No such file or directory
root@cbc99046c41e:/# groupadd hindu
root@cbc99046c41e:/# cat /etc/group
root:x:0:
daemon:x:1:
bin:x:2:
sys:x:3:
adm:x:4:
tty:x:5:
disk:x:6:
lp:x:7:
mail:x:8:
news:x:9:
uucp:x:10:
man:x:12:
proxy:x:13:
kmem:x:15:
dialout:x:20:
fax:x:21:
voice:x:22:
cdrom:x:24:
floppy:x:25:
tape:x:26:
sudo:x:27:
audio:x:29:
dip:x:30:
www-data:x:33:
backup:x:34:
operator:x:37:
list:x:38:
irc:x:39:
src:x:40:
gnats:x:41:
shadow:x:42:
utmp:x:43:
video:x:44:
sasl:x:45:
plugdev:x:46:
staff:x:50:
games:x:60:
users:x:100:
nogroup:x:65534:
swapna:x:1000:
hindu:x:1001:
root@cbc99046c41e:/# usermod -G hindu
Usage: usermod [options] LOGIN

Options:
  -b, --badnames                allow bad names
  -c, --comment COMMENT         new value of the GECOS field
  -d, --home HOME_DIR           new home directory for the user account
  -e, --expiredate EXPIRE_DATE  set account expiration date to EXPIRE_DATE
  -f, --inactive INACTIVE       set password inactive after expiration
                                to INACTIVE
  -g, --gid GROUP               force use GROUP as new primary group
  -G, --groups GROUPS           new list of supplementary GROUPS
  -a, --append                  append the user to the supplemental GROUPS
                                mentioned by the -G option without removing
                                the user from other groups
  -h, --help                    display this help message and exit
  -l, --login NEW_LOGIN         new value of the login name
  -L, --lock                    lock the user account
  -m, --move-home               move contents of the home directory to the
                                new location (use only with -d)
  -o, --non-unique              allow using duplicate (non-unique) UID
  -p, --password PASSWORD       use encrypted password for the new password
  -R, --root CHROOT_DIR         directory to chroot into
  -P, --prefix PREFIX_DIR       prefix directory where are located the /etc/* files
  -s, --shell SHELL             new login shell for the user account
  -u, --uid UID                 new UID for the user account
  -U, --unlock                  unlock the user account
  -v, --add-subuids FIRST-LAST  add range of subordinate uids
  -V, --del-subuids FIRST-LAST  remove range of subordinate uids
  -w, --add-subgids FIRST-LAST  add range of subordinate gids
  -W, --del-subgids FIRST-LAST  remove range of subordinate gids
  -Z, --selinux-user SEUSER     new SELinux user mapping for the user account

root@cbc99046c41e:/# usermod /etc/group
usermod: user '/etc/group' does not exist
root@cbc99046c41e:/# exit 
exit
$ docker ps
CONTAINER ID        IMAGE               COMMAND             CREATED             STATUS              PORTS               NAMES
$ uptime
 05:44:21 up 46 min,  1 user,  load average: 0.00, 0.00, 0.00
$ date
Sun 14 Nov 05:44:54 UTC 2021
$ cal
   November 2021      
Su Mo Tu We Th Fr Sa  
    1  2  3  4  5  6  
 7  8  9 10 11 12 13  
14 15 16 17 18 19 20  
21 22 23 24 25 26 27  
28 29 30              
                      
$ cal 10
                             10
      January               February               March          
Su Mo Tu We Th Fr Sa  Su Mo Tu We Th Fr Sa  Su Mo Tu We Th Fr Sa  
          1  2  3  4                     1                     1  
 5  6  7  8  9 10 11   2  3  4  5  6  7  8   2  3  4  5  6  7  8  
12 13 14 15 16 17 18   9 10 11 12 13 14 15   9 10 11 12 13 14 15  
19 20 21 22 23 24 25  16 17 18 19 20 21 22  16 17 18 19 20 21 22  
26 27 28 29 30 31     23 24 25 26 27 28     23 24 25 26 27 28 29  
                                            30 31                 

       April                  May                   June          
Su Mo Tu We Th Fr Sa  Su Mo Tu We Th Fr Sa  Su Mo Tu We Th Fr Sa  
       1  2  3  4  5               1  2  3   1  2  3  4  5  6  7  
 6  7  8  9 10 11 12   4  5  6  7  8  9 10   8  9 10 11 12 13 14  
13 14 15 16 17 18 19  11 12 13 14 15 16 17  15 16 17 18 19 20 21  
20 21 22 23 24 25 26  18 19 20 21 22 23 24  22 23 24 25 26 27 28  
27 28 29 30           25 26 27 28 29 30 31  29 30                 
                                                                  

        July                 August              September        
Su Mo Tu We Th Fr Sa  Su Mo Tu We Th Fr Sa  Su Mo Tu We Th Fr Sa  
       1  2  3  4  5                  1  2      1  2  3  4  5  6  
 6  7  8  9 10 11 12   3  4  5  6  7  8  9   7  8  9 10 11 12 13  
13 14 15 16 17 18 19  10 11 12 13 14 15 16  14 15 16 17 18 19 20  
20 21 22 23 24 25 26  17 18 19 20 21 22 23  21 22 23 24 25 26 27  
27 28 29 30 31        24 25 26 27 28 29 30  28 29 30              
                      31                                          

      October               November              December        
Su Mo Tu We Th Fr Sa  Su Mo Tu We Th Fr Sa  Su Mo Tu We Th Fr Sa  
          1  2  3  4                     1      1  2  3  4  5  6  
 5  6  7  8  9 10 11   2  3  4  5  6  7  8   7  8  9 10 11 12 13  
12 13 14 15 16 17 18   9 10 11 12 13 14 15  14 15 16 17 18 19 20  
19 20 21 22 23 24 25  16 17 18 19 20 21 22  21 22 23 24 25 26 27  
26 27 28 29 30 31     23 24 25 26 27 28 29  28 29 30 31           
                      30                                          
$ cal 2002
                            2002
      January               February               March          
Su Mo Tu We Th Fr Sa  Su Mo Tu We Th Fr Sa  Su Mo Tu We Th Fr Sa  
       1  2  3  4  5                  1  2                  1  2  
 6  7  8  9 10 11 12   3  4  5  6  7  8  9   3  4  5  6  7  8  9  
13 14 15 16 17 18 19  10 11 12 13 14 15 16  10 11 12 13 14 15 16  
20 21 22 23 24 25 26  17 18 19 20 21 22 23  17 18 19 20 21 22 23  
27 28 29 30 31        24 25 26 27 28        24 25 26 27 28 29 30  
                                            31                    

       April                  May                   June          
Su Mo Tu We Th Fr Sa  Su Mo Tu We Th Fr Sa  Su Mo Tu We Th Fr Sa  
    1  2  3  4  5  6            1  2  3  4                     1  
 7  8  9 10 11 12 13   5  6  7  8  9 10 11   2  3  4  5  6  7  8  
14 15 16 17 18 19 20  12 13 14 15 16 17 18   9 10 11 12 13 14 15  
21 22 23 24 25 26 27  19 20 21 22 23 24 25  16 17 18 19 20 21 22  
28 29 30              26 27 28 29 30 31     23 24 25 26 27 28 29  
                                            30                    

        July                 August              September        
Su Mo Tu We Th Fr Sa  Su Mo Tu We Th Fr Sa  Su Mo Tu We Th Fr Sa  
    1  2  3  4  5  6               1  2  3   1  2  3  4  5  6  7  
 7  8  9 10 11 12 13   4  5  6  7  8  9 10   8  9 10 11 12 13 14  
14 15 16 17 18 19 20  11 12 13 14 15 16 17  15 16 17 18 19 20 21  
21 22 23 24 25 26 27  18 19 20 21 22 23 24  22 23 24 25 26 27 28  
28 29 30 31           25 26 27 28 29 30 31  29 30                 
                                                                  

      October               November              December        
Su Mo Tu We Th Fr Sa  Su Mo Tu We Th Fr Sa  Su Mo Tu We Th Fr Sa  
       1  2  3  4  5                  1  2   1  2  3  4  5  6  7  
 6  7  8  9 10 11 12   3  4  5  6  7  8  9   8  9 10 11 12 13 14  
13 14 15 16 17 18 19  10 11 12 13 14 15 16  15 16 17 18 19 20 21  
20 21 22 23 24 25 26  17 18 19 20 21 22 23  22 23 24 25 26 27 28  
27 28 29 30 31        24 25 26 27 28 29 30  29 30 31              
                                                                  
$ cal --l
cal: invalid option -- '-'
Usage: cal [general options] [-hjy] [[month] year]
       cal [general options] [-hj] [-m month] [year]
       ncal [general options] [-bhJjpwySM] [-s country_code] [[month] year]
       ncal [general options] [-bhJeoSM] [year]
General options: [-NC31] [-A months] [-B months]
For debug the highlighting: [-H yyyy-mm-dd] [-d yyyy-mm]
$ cal --help
cal: invalid option -- '-'
Usage: cal [general options] [-hjy] [[month] year]
       cal [general options] [-hj] [-m month] [year]
       ncal [general options] [-bhJjpwySM] [-s country_code] [[month] year]
       ncal [general options] [-bhJeoSM] [year]
General options: [-NC31] [-A months] [-B months]
For debug the highlighting: [-H yyyy-mm-dd] [-d yyyy-mm]
$ cal -help
Usage: cal [general options] [-hjy] [[month] year]
       cal [general options] [-hj] [-m month] [year]
       ncal [general options] [-bhJjpwySM] [-s country_code] [[month] year]
       ncal [general options] [-bhJeoSM] [year]
General options: [-NC31] [-A months] [-B months]
For debug the highlighting: [-H yyyy-mm-dd] [-d yyyy-mm]
$ cal l
cal: not a valid year l
$ man cal
$ which java
/usr/bin/java
$ which tmp





$ vi developer.sh$ vi developer.sh$ cat deeloper.shcat: deeloper.sh: No such file or directory$ cat developer.sh
#!/bin/bash
echo "Hello team"
echo
echo "we have new project"
echo
pwd
echo
whoami
$ ls -l
total 8
-rw-r--r-- 1 root root 83 Nov 14 06:17 developer.sh
-rw-r--r-- 1 root root 51 Nov 14 05:29 dockerfile
$ ./developer.sh
-bash: ./developer.sh: Permission denied
$ chmod u+x developer.sh
ls-l
./developer.sh
